../Core/Src/main.c:106:6:initMovingAverage	24	static
../Core/Src/main.c:118:8:addValue	24	static
../Core/Src/main.c:150:8:v_to_c1	56	static
../Core/Src/main.c:163:8:v_to_c2	72	static
../Core/Src/main.c:177:8:v_to_v	32	static
../Core/Src/main.c:189:5:main	8	static
../Core/Src/main.c:262:6:SystemClock_Config	88	static
../Core/Src/main.c:310:13:MX_ADC1_Init	24	static
../Core/Src/main.c:380:13:MX_RTC_Init	32	static
../Core/Src/main.c:443:13:MX_TIM1_Init	32	static
../Core/Src/main.c:489:13:MX_USART1_UART_Init	8	static
../Core/Src/main.c:520:13:MX_DMA_Init	16	static
../Core/Src/main.c:538:13:MX_GPIO_Init	40	static
../Core/Src/main.c:564:6:HAL_ADC_ConvCpltCallback	16	static
../Core/Src/main.c:576:6:HAL_TIM_PeriodElapsedCallback	80	static
../Core/Src/main.c:610:6:Error_Handler	4	static,ignoring_inline_asm
