../Core/Src/main.c:114:6:initMovingAverage	24	static
../Core/Src/main.c:126:8:addValue	24	static
../Core/Src/main.c:158:8:v_to_c1	56	static
../Core/Src/main.c:171:8:v_to_c2	72	static
../Core/Src/main.c:185:8:v_to_v	32	static
../Core/Src/main.c:197:5:main	48	static
../Core/Src/main.c:285:6:SystemClock_Config	88	static
../Core/Src/main.c:333:13:MX_ADC1_Init	24	static
../Core/Src/main.c:403:13:MX_I2C1_Init	8	static
../Core/Src/main.c:437:13:MX_RTC_Init	32	static
../Core/Src/main.c:500:13:MX_TIM1_Init	32	static
../Core/Src/main.c:546:13:MX_USART1_UART_Init	8	static
../Core/Src/main.c:577:13:MX_DMA_Init	16	static
../Core/Src/main.c:595:13:MX_GPIO_Init	40	static
../Core/Src/main.c:622:6:HAL_ADC_ConvCpltCallback	16	static
../Core/Src/main.c:628:6:HAL_TIM_PeriodElapsedCallback	16	static
../Core/Src/main.c:672:6:Error_Handler	4	static,ignoring_inline_asm
